../Core/Src/main.c:108:6:A4988_Initialize	8	static
../Core/Src/main.c:115:6:A4988_STEP	32	static
../Core/Src/main.c:136:6:A4988_MSCHANGE	16	static
../Core/Src/main.c:143:6:HAL_TIM_PeriodElapsedCallback	40	static
../Core/Src/main.c:205:6:HAL_UART_RxCpltCallback	24	static
../Core/Src/main.c:235:6:HAL_UART_ErrorCallback	16	static
../Core/Src/main.c:242:5:_write	24	static
../Core/Src/main.c:253:5:main	8	static
../Core/Src/main.c:335:6:SystemClock_Config	88	static
../Core/Src/main.c:382:13:MX_I2C1_Init	8	static
../Core/Src/main.c:430:13:MX_TIM4_Init	40	static
../Core/Src/main.c:475:13:MX_TIM6_Init	24	static
../Core/Src/main.c:513:13:MX_TIM7_Init	24	static
../Core/Src/main.c:552:13:MX_USART1_UART_Init	8	static
../Core/Src/main.c:600:13:MX_USART2_UART_Init	8	static
../Core/Src/main.c:648:13:MX_GPIO_Init	40	static
../Core/Src/main.c:690:6:Error_Handler	8	static,ignoring_inline_asm
